
  .   ____          _            __ _ _
 /\\ / ___'_ __ _ _(_)_ __  __ _ \ \ \ \
( ( )\___ | '_ | '_| | '_ \/ _` | \ \ \ \
 \\/  ___)| |_)| | | | | || (_| |  ) ) ) )
  '  |____| .__|_| |_|_| |_\__, | / / / /
 =========|_|==============|___/=/_/_/_/

 :: Spring Boot ::                (v3.5.3)

2025-08-01T15:43:00.458+09:00  INFO 1453 --- [spring-gift] [           main] gift.Application                         : Starting Application v0.0.1-SNAPSHOT using Java 21.0.8 with PID 1453 (/mnt/c/Users/Gram/spring-gift-order/build/libs/spring-gift-0.0.1-SNAPSHOT.jar started by minha in /mnt/c/Users/Gram/spring-gift-order)
2025-08-01T15:43:00.466+09:00  INFO 1453 --- [spring-gift] [           main] gift.Application                         : No active profile set, falling back to 1 default profile: "default"
2025-08-01T15:43:02.567+09:00  INFO 1453 --- [spring-gift] [           main] .s.d.r.c.RepositoryConfigurationDelegate : Bootstrapping Spring Data JPA repositories in DEFAULT mode.
2025-08-01T15:43:02.694+09:00  INFO 1453 --- [spring-gift] [           main] .s.d.r.c.RepositoryConfigurationDelegate : Finished Spring Data repository scanning in 110 ms. Found 5 JPA repository interfaces.
2025-08-01T15:43:03.926+09:00  INFO 1453 --- [spring-gift] [           main] o.s.b.w.embedded.tomcat.TomcatWebServer  : Tomcat initialized with port 8080 (http)
2025-08-01T15:43:03.952+09:00  INFO 1453 --- [spring-gift] [           main] o.apache.catalina.core.StandardService   : Starting service [Tomcat]
2025-08-01T15:43:03.953+09:00  INFO 1453 --- [spring-gift] [           main] o.apache.catalina.core.StandardEngine    : Starting Servlet engine: [Apache Tomcat/10.1.42]
2025-08-01T15:43:04.004+09:00  INFO 1453 --- [spring-gift] [           main] o.a.c.c.C.[Tomcat].[localhost].[/]       : Initializing Spring embedded WebApplicationContext
2025-08-01T15:43:04.005+09:00  INFO 1453 --- [spring-gift] [           main] w.s.c.ServletWebServerApplicationContext : Root WebApplicationContext: initialization completed in 3422 ms
2025-08-01T15:43:04.244+09:00  INFO 1453 --- [spring-gift] [           main] com.zaxxer.hikari.HikariDataSource       : HikariPool-1 - Starting...
2025-08-01T15:43:04.764+09:00  INFO 1453 --- [spring-gift] [           main] com.zaxxer.hikari.pool.HikariPool        : HikariPool-1 - Added connection conn0: url=jdbc:h2:mem:test user=SA
2025-08-01T15:43:04.769+09:00  INFO 1453 --- [spring-gift] [           main] com.zaxxer.hikari.HikariDataSource       : HikariPool-1 - Start completed.
2025-08-01T15:43:04.866+09:00  INFO 1453 --- [spring-gift] [           main] o.hibernate.jpa.internal.util.LogHelper  : HHH000204: Processing PersistenceUnitInfo [name: default]
2025-08-01T15:43:05.058+09:00  INFO 1453 --- [spring-gift] [           main] org.hibernate.Version                    : HHH000412: Hibernate ORM core version 6.6.18.Final
2025-08-01T15:43:05.148+09:00  INFO 1453 --- [spring-gift] [           main] o.h.c.internal.RegionFactoryInitiator    : HHH000026: Second-level cache disabled
2025-08-01T15:43:05.943+09:00  INFO 1453 --- [spring-gift] [           main] o.s.o.j.p.SpringPersistenceUnitInfo      : No LoadTimeWeaver setup: ignoring JPA class transformer
2025-08-01T15:43:06.083+09:00  INFO 1453 --- [spring-gift] [           main] org.hibernate.orm.connections.pooling    : HHH10001005: Database info:
	Database JDBC URL [Connecting through datasource 'HikariDataSource (HikariPool-1)']
	Database driver: undefined/unknown
	Database version: 2.3.232
	Autocommit mode: undefined/unknown
	Isolation level: undefined/unknown
	Minimum pool size: undefined/unknown
	Maximum pool size: undefined/unknown
2025-08-01T15:43:08.104+09:00  INFO 1453 --- [spring-gift] [           main] o.h.e.t.j.p.i.JtaPlatformInitiator       : HHH000489: No JTA platform available (set 'hibernate.transaction.jta.platform' to enable JTA platform integration)
Hibernate: 
    drop table if exists member cascade 
Hibernate: 
    drop table if exists orders cascade 
Hibernate: 
    drop table if exists product cascade 
Hibernate: 
    drop table if exists product_option cascade 
Hibernate: 
    drop table if exists wish cascade 
Hibernate: 
    create table member (
        id bigint generated by default as identity,
        kakao_expires_in timestamp(6),
        kakao_id bigint,
        email varchar(255) unique,
        kakao_access_token varchar(255),
        kakao_refresh_token varchar(255),
        password varchar(255),
        primary key (id)
    )
Hibernate: 
    create table orders (
        quantity integer not null,
        id bigint generated by default as identity,
        member_id bigint not null,
        option_id bigint not null,
        order_date_time timestamp(6),
        message varchar(255),
        primary key (id)
    )
Hibernate: 
    create table product (
        price integer not null,
        id bigint generated by default as identity,
        name varchar(15) not null,
        image_url varchar(255) not null,
        primary key (id)
    )
Hibernate: 
    create table product_option (
        quantity integer not null,
        id bigint generated by default as identity,
        product_id bigint not null,
        option_name varchar(50) not null,
        primary key (id)
    )
Hibernate: 
    create table wish (
        id bigint generated by default as identity,
        member_id bigint not null,
        product_id bigint not null,
        primary key (id)
    )
Hibernate: 
    alter table if exists orders 
       add constraint FKhckwikin8202myry7o3qlyen 
       foreign key (option_id) 
       references product_option
Hibernate: 
    alter table if exists product_option 
       add constraint fk_option_product_id_ref_product_id 
       foreign key (product_id) 
       references product
Hibernate: 
    alter table if exists wish 
       add constraint fk_wish_member_id_ref_member_id 
       foreign key (member_id) 
       references member
Hibernate: 
    alter table if exists wish 
       add constraint fk_wish_product_id_ref_product_id 
       foreign key (product_id) 
       references product
2025-08-01T15:43:08.196+09:00  INFO 1453 --- [spring-gift] [           main] j.LocalContainerEntityManagerFactoryBean : Initialized JPA EntityManagerFactory for persistence unit 'default'
2025-08-01T15:43:09.412+09:00  WARN 1453 --- [spring-gift] [           main] JpaBaseConfiguration$JpaWebConfiguration : spring.jpa.open-in-view is enabled by default. Therefore, database queries may be performed during view rendering. Explicitly configure spring.jpa.open-in-view to disable this warning
2025-08-01T15:43:10.199+09:00  INFO 1453 --- [spring-gift] [           main] o.s.b.a.h2.H2ConsoleAutoConfiguration    : H2 console available at '/h2-console'. Database available at 'jdbc:h2:mem:test'
2025-08-01T15:43:10.328+09:00  INFO 1453 --- [spring-gift] [           main] o.s.b.w.embedded.tomcat.TomcatWebServer  : Tomcat started on port 8080 (http) with context path '/'
2025-08-01T15:43:10.346+09:00  INFO 1453 --- [spring-gift] [           main] gift.Application                         : Started Application in 10.886 seconds (process running for 12.272)
